
> next-three-js-app@0.1.0 build
> next build

cmd.exe : ΓÜá Warning: Next.js inferred your workspace root, but it may not be correct.
At line:1 char:1
+ cmd.exe /c npm run build > build_output.log 2>&1
+ ~~~~~~~~~~~~~~~~~~~~~~~~~~~~~~~~~~~~~~~~~~~~~~~~
    + CategoryInfo          : NotSpecified: (ΓÜá Warning: Ne...not be correct.:String) [], RemoteException
    + FullyQualifiedErrorId : NativeCommandError
 
 We detected multiple lockfiles and selected the directory of C:\Users\samri\package-lock.json as the root directory.
 To silence this warning, set `turbopack.root` in your Next.js config, or consider removing one of the lockfiles if 
it's not needed.
   See https://nextjs.org/docs/app/api-reference/config/next-config-js/turbopack#root-directory for more information.
 Detected additional lockfiles: 
   * C:\Users\samri\.gemini\antigravity\scratch\next-three-js-app\package-lock.json

Γû▓ Next.js 16.2.3 (Turbopack)
- Environments: .env

  Creating an optimized production build ...

> Build error occurred
Error: Turbopack build failed with 2 errors:
./.gemini/antigravity/scratch/next-three-js-app/src/components/ProceduralStadium.tsx:6:1
Export Vector3Array doesn't exist in target module
  [90m4 |[0m [36mimport[0m { useFrame } [36mfrom[0m [32m"@react-three/fiber"[0m;
  [90m5 |[0m [36mimport[0m { [33mBillboard[0m, [33mText[0m, useGLTF } [36mfrom[0m 
[32m"@react-three/drei"[0m;
[31m[1m>[0m [90m6 |[0m [36mimport[0m * [36mas[0m [33mTHREE[0m [36mfrom[0m [32m"three"[0m;
  [90m  |[0m [31m[1m^^^^^^^^^^^^^^^^^^^^^^^^^^^^^^^[0m
  [90m7 |[0m [36mimport[0m { useStadium } [36mfrom[0m [32m"@/context/StadiumContext"[0m;
  [90m8 |[0m
  [90m9 |[0m [36mconst[0m [33mTHEME_DATA[0m = {

The export Vector3Array was not found in module 
[project]/.gemini/antigravity/scratch/next-three-js-app/node_modules/three/build/three.module.js [app-client] 
(ecmascript).
Did you mean to import Vector3?
All exports of the module are statically known (It doesn't have dynamic exports). So it's known statically that the 
requested export doesn't exist.

Import traces:
  Client Component Browser:
    ./.gemini/antigravity/scratch/next-three-js-app/src/components/ProceduralStadium.tsx [Client Component Browser]
    ./.gemini/antigravity/scratch/next-three-js-app/src/components/StadiumView.tsx [Client Component Browser]
    ./.gemini/antigravity/scratch/next-three-js-app/src/app/page.tsx [Client Component Browser]
    ./.gemini/antigravity/scratch/next-three-js-app/src/app/page.tsx [Server Component]

  Client Component SSR:
    ./.gemini/antigravity/scratch/next-three-js-app/src/components/ProceduralStadium.tsx [Client Component SSR]
    ./.gemini/antigravity/scratch/next-three-js-app/src/components/StadiumView.tsx [Client Component SSR]
    ./.gemini/antigravity/scratch/next-three-js-app/src/app/page.tsx [Client Component SSR]
    ./.gemini/antigravity/scratch/next-three-js-app/src/app/page.tsx [Server Component]


./.gemini/antigravity/scratch/next-three-js-app/src/components/ProceduralStadium.tsx:6:1
Export Vector3Array doesn't exist in target module
  [90m4 |[0m [36mimport[0m { useFrame } [36mfrom[0m [32m"@react-three/fiber"[0m;
  [90m5 |[0m [36mimport[0m { [33mBillboard[0m, [33mText[0m, useGLTF } [36mfrom[0m 
[32m"@react-three/drei"[0m;
[31m[1m>[0m [90m6 |[0m [36mimport[0m * [36mas[0m [33mTHREE[0m [36mfrom[0m [32m"three"[0m;
  [90m  |[0m [31m[1m^^^^^^^^^^^^^^^^^^^^^^^^^^^^^^^[0m
  [90m7 |[0m [36mimport[0m { useStadium } [36mfrom[0m [32m"@/context/StadiumContext"[0m;
  [90m8 |[0m
  [90m9 |[0m [36mconst[0m [33mTHEME_DATA[0m = {

The export Vector3Array was not found in module 
[project]/.gemini/antigravity/scratch/next-three-js-app/node_modules/three/build/three.module.js [app-ssr] 
(ecmascript).
Did you mean to import Vector3?
All exports of the module are statically known (It doesn't have dynamic exports). So it's known statically that the 
requested export doesn't exist.

Import traces:
  Client Component Browser:
    ./.gemini/antigravity/scratch/next-three-js-app/src/components/ProceduralStadium.tsx [Client Component Browser]
    ./.gemini/antigravity/scratch/next-three-js-app/src/components/StadiumView.tsx [Client Component Browser]
    ./.gemini/antigravity/scratch/next-three-js-app/src/app/page.tsx [Client Component Browser]
    ./.gemini/antigravity/scratch/next-three-js-app/src/app/page.tsx [Server Component]

  Client Component SSR:
    ./.gemini/antigravity/scratch/next-three-js-app/src/components/ProceduralStadium.tsx [Client Component SSR]
    ./.gemini/antigravity/scratch/next-three-js-app/src/components/StadiumView.tsx [Client Component SSR]
    ./.gemini/antigravity/scratch/next-three-js-app/src/app/page.tsx [Client Component SSR]
    ./.gemini/antigravity/scratch/next-three-js-app/src/app/page.tsx [Server Component]


    at <unknown> (./.gemini/antigravity/scratch/next-three-js-app/src/components/ProceduralStadium.tsx:6:1)
    at <unknown> (./.gemini/antigravity/scratch/next-three-js-app/src/components/ProceduralStadium.tsx:6:1)
